// Jest Snapshot v1, https://goo.gl/fbAQLP

exports[`should not crash 1`] = `Object {}`;
